{
    "nextdenovo_ont": {
        "content": [
            "798439cbd7fd81cbcc5078022dc5479d",
            [
                "versions.yml:md5,ed7a2cfe2387b964c06b6c6847f46996"
            ]
        ],
        "meta": {
            "nf-test": "0.8.4",
            "nextflow": "24.04.4"
        },
        "timestamp": "2024-08-30T12:42:15.405989"
    }
   
}